// Jest Snapshot v1, https://goo.gl/fbAQLP

exports[`QuantityController should render correctly 1`] = `
<div
  className="quantity-controller"
>
  <div
    className="quantity-text"
  >
    Obecnie masz
     
    <span
      className="quantity"
    >
      3
    </span>
     
    sztuk produktu
  </div>
  <button
    disabled={false}
    onClick={[Function]}
    type="button"
  >
    -
  </button>
  <button
    disabled={false}
    onClick={[Function]}
    type="button"
  >
    +
  </button>
</div>
`;
