// Jest Snapshot v1, https://goo.gl/fbAQLP

exports[`App should render correctly 1`] = `
<div
  className="container"
>
  <h3>
    Lista produktów
  </h3>
  <ul>
    <li
      className="row"
    >
      Patelnia, cena: 89,99zł
    </li>
  </ul>
</div>
`;
