// Jest Snapshot v1, https://goo.gl/fbAQLP

exports[`List should render correctly 1`] = `
<div
  className="container"
>
  <h3>
    Lista produkt√≥w
  </h3>
  <ul
    className="list"
  >
    <div
      className="child"
    >
      child
    </div>
    <div
      className="child"
    >
      child
    </div>
  </ul>
  <ul
    className="sum"
  >
    <div
      className="sum-prop"
    >
      sum
    </div>
  </ul>
</div>
`;
